ESP-ROM:esp32c3-api1-20210207
Build:Feb  7 2021
rst:0x15 (USB_UART_CHIP_RESET),boot:0xd (SPI_FAST_FLASH_BOOT)
Saved PC:0x40382856
SPIWP:0xee
mode:DIO, clock div:1
load:0x3fcd5820,len:0x1574
load:0x403cc710,len:0xc30
load:0x403ce710,len:0x2f64
entry 0x403cc71a
I (24) boot: ESP-IDF v5.4.1 2nd stage bootloader
I (24) boot: compile time Mar 29 2026 14:42:35
I (24) boot: chip revision: v0.4
I (25) boot: efuse block revision: v1.3
I (28) boot.esp32c3: SPI Speed      : 80MHz
I (32) boot.esp32c3: SPI Mode       : DIO
I (36) boot.esp32c3: SPI Flash Size : 4MB
I (39) boot: Enabling RNG early entropy source...
I (44) boot: Partition Table:
I (46) boot: ## Label            Usage          Type ST Offset   Length
I (53) boot:  0 nvs              WiFi data        01 02 00009000 00006000
I (59) boot:  1 phy_init         RF data          01 01 0000f000 00001000
I (66) boot:  2 factory          factory app      00 00 00010000 00100000
I (72) boot: End of partition table
I (76) esp_image: segment 0: paddr=00010020 vaddr=3c020020 size=09054h ( 36948) map
I (89) esp_image: segment 1: paddr=0001907c vaddr=3fc8ba00 size=0128ch (  4748) load
I (91) esp_image: segment 2: paddr=0001a310 vaddr=40380000 size=05d08h ( 23816) load
I (102) esp_image: segment 3: paddr=00020020 vaddr=42000020 size=16880h ( 92288) map
I (120) esp_image: segment 4: paddr=000368a8 vaddr=40385d08 size=05afch ( 23292) load
I (125) esp_image: segment 5: paddr=0003c3ac vaddr=50000200 size=0001ch (    28) load
I (129) boot: Loaded app from partition at offset 0x10000
I (129) boot: Disabling RNG early entropy source...
I (145) cpu_start: Unicore app
I (153) cpu_start: Pro cpu start user code
I (154) cpu_start: cpu freq: 160000000 Hz
I (154) app_init: Application information:
I (154) app_init: Project name:     test_system
I (158) app_init: App version:      b1e4949
I (162) app_init: Compile time:     Mar 29 2026 14:56:52
I (167) app_init: ELF file SHA256:  fc9fe51b6...
I (171) app_init: ESP-IDF:          v5.4.1
I (175) efuse_init: Min chip rev:     v0.3
I (179) efuse_init: Max chip rev:     v1.99 
I (183) efuse_init: Chip rev:         v0.4
I (187) heap_init: Initializing. RAM available for dynamic allocation:
I (193) heap_init: At 3FC8DB40 len 000324C0 (201 KiB): RAM
I (198) heap_init: At 3FCC0000 len 0001C710 (113 KiB): Retention RAM
I (204) heap_init: At 3FCDC710 len 00002950 (10 KiB): Retention RAM
I (210) heap_init: At 5000021C len 00001DCC (7 KiB): RTCRAM
I (216) spi_flash: detected chip: generic
I (219) spi_flash: flash io: dio
I (222) sleep_gpio: Configure to isolate all GPIO pins in sleep state
I (228) sleep_gpio: Enable automatic switching of GPIO sleep configuration
I (235) main_task: Started on CPU0
I (235) main_task: Calling app_main()
[SYSTEM] === ESP32-C3 SYSTEM Peripheral Test ===
[SYSTEM] DR_REG_SYSTEM_BASE = 0x600c0000
[SYSTEM] === Clock Config ===
[SYSTEM] REG_READ  addr=0x600c0000 val=0x00000040  CPU_PERI_CLK_EN
[SYSTEM] REG_READ  addr=0x600c0004 val=0x00000080  CPU_PERI_RST_EN
[SYSTEM] REG_READ  addr=0x600c0008 val=0x00000005  CPU_PER_CONF
[SYSTEM] REG_READ  addr=0x600c0058 val=0x000a8400  SYSCLK_CONF
[SYSTEM] REG_READ  addr=0x600c0054 val=0x00000001  CLOCK_GATE
[SYSTEM] === Peripheral Clock/Reset ===
[SYSTEM] REG_READ  addr=0x600c0010 val=0x7180e007  PERIP_CLK_EN0
[SYSTEM] REG_READ  addr=0x600c0014 val=0x00000200  PERIP_CLK_EN1
[SYSTEM] REG_READ  addr=0x600c0018 val=0x886d1be8  PERIP_RST_EN0
[SYSTEM] REG_READ  addr=0x600c001c val=0x000001ce  PERIP_RST_EN1
[SYSTEM] === Memory/Cache ===
[SYSTEM] REG_READ  addr=0x600c000c val=0x00000000  MEM_PD_MASK
[SYSTEM] REG_READ  addr=0x600c0038 val=0x00000001  RSA_PD_CTRL
[SYSTEM] REG_READ  addr=0x600c0040 val=0x00000005  CACHE_CONTROL
[SYSTEM] === BT LP Clock ===
[SYSTEM] REG_READ  addr=0x600c0020 val=0x00000000  BT_LPCK_DIV_INT
[SYSTEM] REG_READ  addr=0x600c0024 val=0x01001001  BT_LPCK_DIV_FRAC
[SYSTEM] === Misc ===
[SYSTEM] REG_READ  addr=0x600c003c val=0x00000001  EDMA_CTRL
[SYSTEM] REG_READ  addr=0x600c0050 val=0x00000000  REDUNDANT_ECO_CTRL
[SYSTEM] REG_READ  addr=0x600c0ffc val=0x02007150  DATE
[SYSTEM] === Cross-Core Interrupt Test ===
[SYSTEM] REG_READ  addr=0x600c0028 val=0x00000000  CPU_INTR_FROM_CPU_0 (before)
[SYSTEM] REG_READ  addr=0x600c002c val=0x00000000  CPU_INTR_FROM_CPU_1 (before)
[SYSTEM] Writing 1 to CPU_INTR_FROM_CPU_0 (trigger)
[SYSTEM] REG_READ  addr=0x600c0028 val=0x00000000  CPU_INTR_FROM_CPU_0 (after set)
[SYSTEM] Writing 0 to CPU_INTR_FROM_CPU_0 (clear)
[SYSTEM] REG_READ  addr=0x600c0028 val=0x00000000  CPU_INTR_FROM_CPU_0 (after clear)
[SYSTEM] === Decoded Fields ===
[SYSTEM] SYSCLK_CONF: PRE_DIV_CNT=0 SOC_CLK_SEL=1 CLK_XTAL_FREQ=40
[SYSTEM] Clock source: PLL, XTAL=40MHz
[SYSTEM] === Test Results ===
[SYSTEM] TEST_PASS xtal_freq_40mhz
[SYSTEM] TEST_PASS cpu_intr_clearable
[SYSTEM] TEST_PASS date_nonzero
[SYSTEM] === Tests Complete ===
