ESP-ROM:esp32c3-api1-20210207
Build:Feb  7 2021
rst:0x15 (USB_UART_CHIP_RESET),boot:0xd (SPI_FAST_FLASH_BOOT)
Saved PC:0x40382856
SPIWP:0xee
mode:DIO, clock div:1
load:0x3fcd5820,len:0x1574
load:0x403cc710,len:0xc30
load:0x403ce710,len:0x2f64
entry 0x403cc71a
I (24) boot: ESP-IDF v5.4.1 2nd stage bootloader
I (24) boot: compile time Mar 29 2026 17:38:46
I (24) boot: chip revision: v0.4
I (25) boot: efuse block revision: v1.3
I (28) boot.esp32c3: SPI Speed      : 80MHz
I (32) boot.esp32c3: SPI Mode       : DIO
I (36) boot.esp32c3: SPI Flash Size : 4MB
I (39) boot: Enabling RNG early entropy source...
I (44) boot: Partition Table:
I (46) boot: ## Label            Usage          Type ST Offset   Length
I (53) boot:  0 nvs              WiFi data        01 02 00009000 00006000
I (59) boot:  1 phy_init         RF data          01 01 0000f000 00001000
I (66) boot:  2 factory          factory app      00 00 00010000 00100000
I (72) boot: End of partition table
I (76) esp_image: segment 0: paddr=00010020 vaddr=3c020020 size=08e24h ( 36388) map
I (89) esp_image: segment 1: paddr=00018e4c vaddr=3fc8ba00 size=0128ch (  4748) load
I (91) esp_image: segment 2: paddr=0001a0e0 vaddr=40380000 size=05f38h ( 24376) load
I (102) esp_image: segment 3: paddr=00020020 vaddr=42000020 size=166b8h ( 91832) map
I (120) esp_image: segment 4: paddr=000366e0 vaddr=40385f38 size=058cch ( 22732) load
I (124) esp_image: segment 5: paddr=0003bfb4 vaddr=50000200 size=0001ch (    28) load
I (128) boot: Loaded app from partition at offset 0x10000
I (129) boot: Disabling RNG early entropy source...
I (145) cpu_start: Unicore app
I (153) cpu_start: Pro cpu start user code
I (153) cpu_start: cpu freq: 160000000 Hz
I (154) app_init: Application information:
I (154) app_init: Project name:     test_interrupt_matrix
I (159) app_init: App version:      a5e5374
I (163) app_init: Compile time:     Mar 29 2026 17:38:40
I (168) app_init: ELF file SHA256:  861095a61...
I (172) app_init: ESP-IDF:          v5.4.1
I (176) efuse_init: Min chip rev:     v0.3
I (180) efuse_init: Max chip rev:     v1.99 
I (184) efuse_init: Chip rev:         v0.4
I (187) heap_init: Initializing. RAM available for dynamic allocation:
I (194) heap_init: At 3FC8DB40 len 000324C0 (201 KiB): RAM
I (199) heap_init: At 3FCC0000 len 0001C710 (113 KiB): Retention RAM
I (205) heap_init: At 3FCDC710 len 00002950 (10 KiB): Retention RAM
I (211) heap_init: At 5000021C len 00001DCC (7 KiB): RTCRAM
I (217) spi_flash: detected chip: generic
I (220) spi_flash: flash io: dio
I (223) sleep_gpio: Configure to isolate all GPIO pins in sleep state
I (229) sleep_gpio: Enable automatic switching of GPIO sleep configuration
I (236) main_task: Started on CPU0
I (236) main_task: Calling app_main()
[INTMATRIX] === ESP32-C3 Interrupt Matrix Test ===
[INTMATRIX] REG_READ  addr=0x600c2104 val=0x0f00003c  CPU_INT_ENABLE
[INTMATRIX] REG_READ  addr=0x600c2108 val=0x00000000  CPU_INT_TYPE
[INTMATRIX] REG_READ  addr=0x600c2110 val=0x00000000  CPU_INT_EIP_STATUS
[INTMATRIX] REG_READ  addr=0x600c2194 val=0x00000001  CPU_INT_THRESH
[INTMATRIX] === Source Mappings (non-zero) ===
[INTMATRIX] REG_READ  addr=0x600c206c val=0x00000002  SRC_27->LINE_2
[INTMATRIX] REG_READ  addr=0x600c2084 val=0x00000005  SRC_33->LINE_5
[INTMATRIX] REG_READ  addr=0x600c208c val=0x00000018  SRC_35->LINE_24
[INTMATRIX] REG_READ  addr=0x600c2090 val=0x00000019  SRC_36->LINE_25
[INTMATRIX] REG_READ  addr=0x600c2094 val=0x00000004  SRC_37->LINE_4
[INTMATRIX] REG_READ  addr=0x600c20c8 val=0x00000003  SRC_50->LINE_3
[INTMATRIX] REG_READ  addr=0x600c20d8 val=0x0000001b  SRC_54->LINE_27
[INTMATRIX] REG_READ  addr=0x600c20e0 val=0x0000001a  SRC_56->LINE_26
[INTMATRIX] REG_READ  addr=0x600c20e4 val=0x0000001a  SRC_57->LINE_26
[INTMATRIX] REG_READ  addr=0x600c20e8 val=0x0000001a  SRC_58->LINE_26
[INTMATRIX] REG_READ  addr=0x600c20f4 val=0x00000019  SRC_61->LINE_25
[INTMATRIX] === Priorities (enabled lines) ===
[INTMATRIX] REG_READ  addr=0x600c211c val=0x00000001  PRI_2
[INTMATRIX] REG_READ  addr=0x600c2120 val=0x00000001  PRI_3
[INTMATRIX] REG_READ  addr=0x600c2124 val=0x00000001  PRI_4
[INTMATRIX] REG_READ  addr=0x600c2128 val=0x00000001  PRI_5
[INTMATRIX] REG_READ  addr=0x600c2174 val=0x00000004  PRI_24
[INTMATRIX] REG_READ  addr=0x600c2178 val=0x00000004  PRI_25
[INTMATRIX] REG_READ  addr=0x600c217c val=0x00000004  PRI_26
[INTMATRIX] REG_READ  addr=0x600c2180 val=0x00000004  PRI_27
[INTMATRIX] === Test Results ===
[INTMATRIX] TEST_PASS sources_mapped (count=11)
[INTMATRIX] TEST_PASS interrupts_enabled
[INTMATRIX] === Tests Complete ===
