ESP-ROM:esp32c3-api1-20210207
Build:Feb  7 2021
rst:0x7 (TG0WDT_SYS_RST),boot:0xd (SPI_FAST_FLASH_BOOT)
Saved PC:0x40388072
SPIWP:0xee
mode:DIO, clock div:1
load:0x3fcd5820,len:0x1574
load:0x403cc710,len:0xc30
load:0x403ce710,len:0x2f64
entry 0x403cc71a
I (24) boot: ESP-IDF v5.4.1 2nd stage bootloader
I (24) boot: compile time Mar 29 2026 14:43:13
I (24) boot: chip revision: v0.4
I (24) boot: efuse block revision: v1.3
I (27) boot.esp32c3: SPI Speed      : 80MHz
I (31) boot.esp32c3: SPESP-ROM:esp32c3-api1-20210207
Build:Feb  7 2021
rst:0x15 (USB_UART_CHIP_RESET),boot:0xd (SPI_FAST_FLASH_BOOT)
Saved PC:0x4004c0dc
SPIWP:0xee
mode:DIO, clock div:1
load:0x3fcd5820,len:0x1574
load:0x403cc710,len:0xc30
load:0x403ce710,len:0x2f64
entry 0x403cc71a
I (24) boot: ESP-IDF v5.4.1 2nd stage bootloader
I (24) boot: compile time Mar 29 2026 14:43:13
I (24) boot: chip revision: v0.4
I (25) boot: efuse block revision: v1.3
I (28) boot.esp32c3: SPI Speed      : 80MHz
I (32) boot.esp32c3: SPI Mode       : DIO
I (36) boot.esp32c3: SPI Flash Size : 4MB
I (39) boot: Enabling RNG early entropy source...
I (44) boot: Partition Table:
I (46) boot: ## Label            Usage          Type ST Offset   Length
I (53) boot:  0 nvs              WiFi data        01 02 00009000 00006000
I (59) boot:  1 phy_init         RF data          01 01 0000f000 00001000
I (66) boot:  2 factory          factory app      00 00 00010000 00100000
I (72) boot: End of partition table
I (76) esp_image: segment 0: paddr=00010020 vaddr=3c020020 size=09064h ( 36964) map
I (89) esp_image: segment 1: paddr=0001908c vaddr=3fc8ba00 size=0128ch (  4748) load
I (91) esp_image: segment 2: paddr=0001a320 vaddr=40380000 size=05cf8h ( 23800) load
I (102) esp_image: segment 3: paddr=00020020 vaddr=42000020 size=169a8h ( 92584) map
I (120) esp_image: segment 4: paddr=000369d0 vaddr=40385cf8 size=05b0ch ( 23308) load
I (125) esp_image: segment 5: paddr=0003c4e4 vaddr=50000200 size=0001ch (    28) load
I (129) boot: Loaded app from partition at offset 0x10000
I (129) boot: Disabling RNG early entropy source...
I (145) cpu_start: Unicore app
I (153) cpu_start: Pro cpu start user code
I (154) cpu_start: cpu freq: 160000000 Hz
I (154) app_init: Application information:
I (154) app_init: Project name:     test_systimer
I (158) app_init: App version:      b1e4949
I (162) app_init: Compile time:     Mar 29 2026 14:57:03
I (167) app_init: ELF file SHA256:  52f1187ce...
I (171) app_init: ESP-IDF:          v5.4.1
I (175) efuse_init: Min chip rev:     v0.3
I (179) efuse_init: Max chip rev:     v1.99 
I (183) efuse_init: Chip rev:         v0.4
I (187) heap_init: Initializing. RAM available for dynamic allocation:
I (193) heap_init: At 3FC8DB40 len 000324C0 (201 KiB): RAM
I (198) heap_init: At 3FCC0000 len 0001C710 (113 KiB): Retention RAM
I (204) heap_init: At 3FCDC710 len 00002950 (10 KiB): Retention RAM
I (210) heap_init: At 5000021C len 00001DCC (7 KiB): RTCRAM
I (217) spi_flash: detected chip: generic
I (219) spi_flash: flash io: dio
I (222) sleep_gpio: Configure to isolate all GPIO pins in sleep state
I (229) sleep_gpio: Enable automatic switching of GPIO sleep configuration
I (235) main_task: Started on CPU0
I (235) main_task: Calling app_main()
[SYSTIMER] === ESP32-C3 SYSTIMER Read Test ===
[SYSTIMER] === Phase 1: Reset register dump ===
[SYSTIMER] REG_READ  addr=0x60023000 val=0xf7000000  CONF
[SYSTIMER] REG_READ  addr=0x60023004 val=0x20000000  UNIT0_OP
[SYSTIMER] REG_READ  addr=0x60023008 val=0x20000000  UNIT1_OP
[SYSTIMER] REG_READ  addr=0x6002300c val=0x00000000  UNIT0_LOAD_HI
[SYSTIMER] REG_READ  addr=0x60023010 val=0x00000000  UNIT0_LOAD_LO
[SYSTIMER] REG_READ  addr=0x60023014 val=0x00000000  UNIT1_LOAD_HI
[SYSTIMER] REG_READ  addr=0x60023018 val=0x00000000  UNIT1_LOAD_LO
[SYSTIMER] REG_READ  addr=0x6002301c val=0x00000000  TARGET0_HI
[SYSTIMER] REG_READ  addr=0x60023020 val=0x00000000  TARGET0_LO
[SYSTIMER] REG_READ  addr=0x60023024 val=0x00000000  TARGET1_HI
[SYSTIMER] REG_READ  addr=0x60023028 val=0x00000000  TARGET1_LO
[SYSTIMER] REG_READ  addr=0x6002302c val=0x00000000  TARGET2_HI
[SYSTIMER] REG_READ  addr=0x60023030 val=0x00000000  TARGET2_LO
[SYSTIMER] REG_READ  addr=0x60023034 val=0xc0027100  TARGET0_CONF
[SYSTIMER] REG_READ  addr=0x60023038 val=0x00000000  TARGET1_CONF
[SYSTIMER] REG_READ  addr=0x6002303c val=0x00000000  TARGET2_CONF
[SYSTIMER] REG_READ  addr=0x60023064 val=0x00000001  INT_ENA
[SYSTIMER] REG_READ  addr=0x60023068 val=0x00000000  INT_RAW
[SYSTIMER] REG_READ  addr=0x60023070 val=0x00000000  INT_ST
[SYSTIMER] REG_READ  addr=0x600230fc val=0x02006171  DATE
[SYSTIMER] === Phase 2: Counter advancement ===
[SYSTIMER] REG_READ  addr=0x60023000 val=0xf7000000  CONF
[SYSTIMER] REG_WRITE addr=0x60023004 val=0x40000000  UNIT0_OP(update)
[SYSTIMER] REG_READ  addr=0x60023004 val=0x20000000  UNIT0_OP(valid?)
[SYSTIMER] REG_READ  addr=0x60023040 val=0x00000000  UNIT0_VALUE_HI
[SYSTIMER] REG_READ  addr=0x60023044 val=0x002a9337  UNIT0_VALUE_LO
[SYSTIMER] counter_read_1 = 0x00000002a9337
[SYSTIMER] REG_WRITE addr=0x60023004 val=0x40000000  UNIT0_OP(update)
[SYSTIMER] REG_READ  addr=0x60023004 val=0x20000000  UNIT0_OP(valid?)
[SYSTIMER] REG_READ  addr=0x60023040 val=0x00000000  UNIT0_VALUE_HI
[SYSTIMER] REG_READ  addr=0x60023044 val=0x003176f2  UNIT0_VALUE_LO
[SYSTIMER] counter_read_2 = 0x00000003176f2
[SYSTIMER] TEST_PASS counter_advances (delta=451515)
[SYSTIMER] === Phase 3: One-shot alarm (TARGET0) ===
[SYSTIMER] REG_WRITE addr=0x6002306c val=0x00000007  INT_CLR(all)
[SYSTIMER] REG_WRITE addr=0x60023004 val=0x40000000  UNIT0_OP(update)
[SYSTIMER] REG_READ  addr=0x60023004 val=0x20000000  UNIT0_OP(valid?)
[SYSTIMER] REG_READ  addr=0x60023040 val=0x00000000  UNIT0_VALUE_HI
[SYSTIMER] REG_READ  addr=0x60023044 val=0x003c0f14  UNIT0_VALUE_LO
[SYSTIMER] setting TARGET0 = 0x00000003e8014 (now + 160000)
