ESP-ROM:esp32c3-api1-20210207
Build:Feb  7 2021
rst:0x15 (USB_UART_CHIP_RESET),boot:0xd (SPI_FAST_FLASH_BOOT)
Saved PC:0x40382856
SPIWP:0xee
mode:DIO, clock div:1
load:0x3fcd5820,len:0x1574
load:0x403cc710,len:0xc30
load:0x403ce710,len:0x2f64
entry 0x403cc71a
I (24) boot: ESP-IDF v5.4.1 2nd stage bootloader
I (24) boot: compile time Mar 29 2026 10:36:43
I (24) boot: chip revision: v0.4
I (25) boot: efuse block revision: v1.3
I (28) boot.esp32c3: SPI Speed      : 80MHz
I (32) boot.esp32c3: SPI Mode       : DIO
I (36) boot.esp32c3: SPI Flash Size : 4MB
I (39) boot: Enabling RNG early entropy source...
I (44) boot: Partition Table:
I (46) boot: ## Label            Usage          Type ST Offset   Length
I (53) boot:  0 nvs              WiFi data        01 02 00009000 00006000
I (59) boot:  1 phy_init         RF data          01 01 0000f000 00001000
I (66) boot:  2 factory          factory app      00 00 00010000 00100000
I (72) boot: End of partition table
I (76) esp_image: segment 0: paddr=00010020 vaddr=3c020020 size=08c9ch ( 35996) map
I (89) esp_image: segment 1: paddr=00018cc4 vaddr=3fc8ba00 size=0128ch (  4748) load
I (91) esp_image: segment 2: paddr=00019f58 vaddr=40380000 size=060c0h ( 24768) load
I (102) esp_image: segment 3: paddr=00020020 vaddr=42000020 size=16688h ( 91784) map
I (120) esp_image: segment 4: paddr=000366b0 vaddr=403860c0 size=05744h ( 22340) load
I (124) esp_image: segment 5: paddr=0003bdfc vaddr=50000200 size=0001ch (    28) load
I (128) boot: Loaded app from partition at offset 0x10000
I (129) boot: Disabling RNG early entropy source...
I (145) cpu_start: Unicore app
I (153) cpu_start: Pro cpu start user code
I (153) cpu_start: cpu freq: 160000000 Hz
I (154) app_init: Application information:
I (154) app_init: Project name:     test_rng
I (157) app_init: App version:      b1e4949
I (161) app_init: Compile time:     Mar 29 2026 14:56:31
I (166) app_init: ELF file SHA256:  e35f11801...
I (171) app_init: ESP-IDF:          v5.4.1
I (175) efuse_init: Min chip rev:     v0.3
I (178) efuse_init: Max chip rev:     v1.99 
I (182) efuse_init: Chip rev:         v0.4
I (186) heap_init: Initializing. RAM available for dynamic allocation:
I (193) heap_init: At 3FC8DB40 len 000324C0 (201 KiB): RAM
I (198) heap_init: At 3FCC0000 len 0001C710 (113 KiB): Retention RAM
I (204) heap_init: At 3FCDC710 len 00002950 (10 KiB): Retention RAM
I (210) heap_init: At 5000021C len 00001DCC (7 KiB): RTCRAM
I (216) spi_flash: detected chip: generic
I (219) spi_flash: flash io: dio
I (222) sleep_gpio: Configure to isolate all GPIO pins in sleep state
I (228) sleep_gpio: Enable automatic switching of GPIO sleep configuration
I (235) main_task: Started on CPU0
I (235) main_task: Calling app_main()
[RNG] === ESP32-C3 RNG Read Test ===
[RNG] WDEV_RND_REG = 0x600260b0
[RNG] === Reading 10 values ===
[RNG] REG_READ  addr=0x600260b0 val=0x9fa4dc5e  read_0
[RNG] REG_READ  addr=0x600260b0 val=0x1931f77e  read_1
[RNG] REG_READ  addr=0x600260b0 val=0x82bb6272  read_2
[RNG] REG_READ  addr=0x600260b0 val=0x09bd5af0  read_3
[RNG] REG_READ  addr=0x600260b0 val=0x9282d2d8  read_4
[RNG] REG_READ  addr=0x600260b0 val=0xb79092a1  read_5
[RNG] REG_READ  addr=0x600260b0 val=0x33895c92  read_6
[RNG] REG_READ  addr=0x600260b0 val=0xa9ee4168  read_7
[RNG] REG_READ  addr=0x600260b0 val=0x30784587  read_8
[RNG] REG_READ  addr=0x600260b0 val=0x4de599ba  read_9
[RNG] === Test Results ===
[RNG] nonzero=10 distinct=10
[RNG] TEST_PASS values_nonzero
[RNG] TEST_PASS values_distinct
[RNG] === Tests Complete ===
