ESP-ROM:esp32c3-api1-20210207
Build:Feb  7 2021
rst:0x15 (USB_UART_CHIP_RESET),boot:0xd (SPI_FAST_FLASH_BOOT)
Saved PC:0x40382856
SPIWP:0xee
mode:DIO, clock div:1
load:0x3fcd5820,len:0x1574
load:0x403cc710,len:0xc30
load:0x403ce710,len:0x2f64
entry 0x403cc71a
I (24) boot: ESP-IDF v5.4.1 2nd stage bootloader
I (24) boot: compile time Mar 29 2026 01:35:54
I (24) boot: chip revision: v0.4
I (25) boot: efuse block revision: v1.3
I (28) boot.esp32c3: SPI Speed      : 80MHz
I (32) boot.esp32c3: SPI Mode       : DIO
I (36) boot.esp32c3: SPI Flash Size : 4MB
I (39) boot: Enabling RNG early entropy source...
I (44) boot: Partition Table:
I (46) boot: ## Label            Usage          Type ST Offset   Length
I (53) boot:  0 nvs              WiFi data        01 02 00009000 00006000
I (59) boot:  1 phy_init         RF data          01 01 0000f000 00001000
I (66) boot:  2 factory          factory app      00 00 00010000 00100000
I (72) boot: End of partition table
I (76) esp_image: segment 0: paddr=00010020 vaddr=3c020020 size=08f4ch ( 36684) map
I (89) esp_image: segment 1: paddr=00018f74 vaddr=3fc8ba00 size=0128ch (  4748) load
I (91) esp_image: segment 2: paddr=0001a208 vaddr=40380000 size=05e10h ( 24080) load
I (102) esp_image: segment 3: paddr=00020020 vaddr=42000020 size=16898h ( 92312) map
I (120) esp_image: segment 4: paddr=000368c0 vaddr=40385e10 size=059f4h ( 23028) load
I (125) esp_image: segment 5: paddr=0003c2bc vaddr=50000200 size=0001ch (    28) load
I (128) boot: Loaded app from partition at offset 0x10000
I (129) boot: Disabling RNG early entropy source...
I (145) cpu_start: Unicore app
I (153) cpu_start: Pro cpu start user code
I (154) cpu_start: cpu freq: 160000000 Hz
I (154) app_init: Application information:
I (154) app_init: Project name:     test_efuse
I (158) app_init: App version:      b1e4949
I (162) app_init: Compile time:     Mar 29 2026 14:56:19
I (167) app_init: ELF file SHA256:  fd3e61775...
I (171) app_init: ESP-IDF:          v5.4.1
I (175) efuse_init: Min chip rev:     v0.3
I (179) efuse_init: Max chip rev:     v1.99 
I (183) efuse_init: Chip rev:         v0.4
I (187) heap_init: Initializing. RAM available for dynamic allocation:
I (193) heap_init: At 3FC8DB40 len 000324C0 (201 KiB): RAM
I (198) heap_init: At 3FCC0000 len 0001C710 (113 KiB): Retention RAM
I (204) heap_init: At 3FCDC710 len 00002950 (10 KiB): Retention RAM
I (210) heap_init: At 5000021C len 00001DCC (7 KiB): RTCRAM
I (216) spi_flash: detected chip: generic
I (219) spi_flash: flash io: dio
I (222) sleep_gpio: Configure to isolate all GPIO pins in sleep state
I (228) sleep_gpio: Enable automatic switching of GPIO sleep configuration
I (235) main_task: Started on CPU0
I (235) main_task: Calling app_main()
[EFUSE] === ESP32-C3 eFuse Read Test ===
[EFUSE] DR_REG_EFUSE_BASE = 0x60008800
[EFUSE] === BLK0 Read Data ===
[EFUSE] REG_READ  addr=0x6000882c val=0x00000000  RD_WR_DIS
[EFUSE] REG_READ  addr=0x60008830 val=0x00000000  RD_REPEAT_DATA0
[EFUSE] REG_READ  addr=0x60008834 val=0x00000000  RD_REPEAT_DATA1
[EFUSE] REG_READ  addr=0x60008838 val=0x00000000  RD_REPEAT_DATA2
[EFUSE] REG_READ  addr=0x6000883c val=0x80000000  RD_REPEAT_DATA3
[EFUSE] REG_READ  addr=0x60008840 val=0x00000000  RD_REPEAT_DATA4
[EFUSE] === BLK1 MAC/SPI Read Data ===
[EFUSE] REG_READ  addr=0x60008844 val=0xc18c5cac  RD_MAC_SPI_SYS_0
[EFUSE] REG_READ  addr=0x60008848 val=0x0000e83d  RD_MAC_SPI_SYS_1
[EFUSE] REG_READ  addr=0x6000884c val=0x00000000  RD_MAC_SPI_SYS_2
[EFUSE] REG_READ  addr=0x60008850 val=0x4b100000  RD_MAC_SPI_SYS_3
[EFUSE] REG_READ  addr=0x60008854 val=0xc4008701  RD_MAC_SPI_SYS_4
[EFUSE] REG_READ  addr=0x60008858 val=0x0007d281  RD_MAC_SPI_SYS_5
[EFUSE] === BLK2 SYS_PART1 Read Data ===
[EFUSE] REG_READ  addr=0x6000885c val=0x6261f625  RD_SYS_PART1_DATA0
[EFUSE] REG_READ  addr=0x60008860 val=0x111b2164  RD_SYS_PART1_DATA1
[EFUSE] REG_READ  addr=0x60008864 val=0x19f8fd73  RD_SYS_PART1_DATA2
[EFUSE] REG_READ  addr=0x60008868 val=0xc7d989da  RD_SYS_PART1_DATA3
[EFUSE] REG_READ  addr=0x6000886c val=0xd4d59da1  RD_SYS_PART1_DATA4
[EFUSE] REG_READ  addr=0x60008870 val=0x39b5f777  RD_SYS_PART1_DATA5
[EFUSE] REG_READ  addr=0x60008874 val=0x4e748fa7  RD_SYS_PART1_DATA6
[EFUSE] REG_READ  addr=0x60008878 val=0x0000000a  RD_SYS_PART1_DATA7
[EFUSE] === Decoded Fields ===
[EFUSE] MAC_ADDR=e8:3d:c1:8c:5c:ac
[EFUSE] WAFER_VERSION_MINOR=4
[EFUSE] WAFER_VERSION_MAJOR=0
[EFUSE] PKG_VERSION=0
[EFUSE] CHIP_REVISION=v0.4
[EFUSE] REG_READ  addr=0x600089d0 val=0x00000191  STATUS
[EFUSE] REG_READ  addr=0x600089fc val=0x02006300  DATE
[EFUSE] === Test Results ===
[EFUSE] TEST_PASS mac_nonzero
[EFUSE] TEST_PASS chip_revision_nonzero
[EFUSE] === Tests Complete ===
